/Library/Frameworks/Python.framework/Versions/3.13/Resources/Python.app/Contents/MacOS/Python: can't open file '/Users/andromeda/crypto-carry/place_order_real.py': [Errno 2] No such file or directory
[03:06:54] ============================================================
[03:06:54]   BINANCE REAL PLACER — $15 MODE
[03:06:54] ============================================================
[03:06:55] Баланс: $15.20
[03:06:55] Символы: ['XRPUSDT', 'LINKUSDT', 'DOGEUSDT']
[03:06:55] Notional: $5 | Плечо: 2x | Max: 2
[03:06:55] Стоп при -10% ($13.68)
[03:06:55] 
[03:06:55] Сигналов: 4 | Открыто: 0/2
[03:06:55] LINKUSDT LONG @ $13.02 qty=0.38
[03:06:56]    market err: {"code":-2015,"msg":"Invalid API-key, IP, or permissions for action"}
[03:06:56] Sleep 60s...

[03:07:56] Сигналов: 4 | Открыто: 0/2
[03:07:56] LINKUSDT LONG @ $13.02 qty=0.38
[03:07:57]    market err: {"code":-2015,"msg":"Invalid API-key, IP, or permissions for action"}
[03:07:57] Sleep 60s...

[03:08:57] Сигналов: 4 | Открыто: 0/2
[03:08:58] LINKUSDT LONG @ $13.02 qty=0.38
[03:08:59]    market err: {"code":-4164,"msg":"Order's notional must be no smaller than 20 (unless you choose reduce only)."}
[03:08:59] Sleep 60s...

[03:09:31] ============================================================
[03:09:31]   BINANCE REAL PLACER — $15 MODE
[03:09:31] ============================================================
[03:09:31] Баланс: $15.20
[03:09:31] Символы: ['XRPUSDT', 'LINKUSDT', 'DOGEUSDT']
[03:09:31] Notional: $5 | Плечо: 2x | Max: 2
[03:09:31] Стоп при -10% ($13.68)
[03:09:31] 
[03:09:31] Сигналов: 4 | Открыто: 0/2
[03:09:31] LINKUSDT LONG @ $13.02 qty=0.38
[03:09:33]    market err: {"code":-4164,"msg":"Order's notional must be no smaller than 20 (unless you choose reduce only)."}
[03:09:33] Sleep 60s...

[03:10:33] Сигналов: 4 | Открыто: 0/2
[03:10:34] LINKUSDT LONG @ $13.02 qty=0.38
[03:10:34]    market err: {"code":-4164,"msg":"Order's notional must be no smaller than 20 (unless you choose reduce only)."}
[03:10:34] Sleep 60s...

[03:11:09] ============================================================
[03:11:09]   BINANCE REAL PLACER — $15 MODE
[03:11:09] ============================================================
[03:11:09] Баланс: $15.20
[03:11:09] Символы: ['XRPUSDT', 'LINKUSDT', 'DOGEUSDT']
[03:11:09] Notional: $5 | Плечо: 2x | Max: 2
[03:11:09] Стоп при -10% ($13.68)
[03:11:09] 
[03:11:09] Сигналов: 4 | Открыто: 0/2
[03:11:09]    [Бал: $15.20 | Маржа/поз: $2.50 | Можем открыть: 2]
[03:11:10] LINKUSDT LONG @ $13.02 qty=0.38
[03:11:10]    market err: {"code":-4164,"msg":"Order's notional must be no smaller than 20 (unless you choose reduce only)."}
[03:11:10] Sleep 60s...

[03:12:11] Сигналов: 4 | Открыто: 0/2
[03:12:11]    [Бал: $15.20 | Маржа/поз: $2.50 | Можем открыть: 2]
[03:12:11] LINKUSDT LONG @ $13.02 qty=0.38
[03:12:26] ============================================================
[03:12:26]   BINANCE REAL PLACER — $15 MODE
[03:12:26] ============================================================
[03:12:26] Баланс: $15.20
[03:12:26] Символы: ['XRPUSDT', 'LINKUSDT', 'DOGEUSDT']
[03:12:26] Notional: $20 | Плечо: 3x | Max: 5
[03:12:26] Стоп при -10% ($13.68)
[03:12:26] 
[03:12:27] Сигналов: 4 | Открыто: 0/5
[03:12:27]    [Бал: $15.20 | Маржа/поз: $6.67 | Можем открыть: 1]
[03:12:28] LINKUSDT LONG @ $13.02 qty=1.54
[03:12:29]    market err: {"code":-4164,"msg":"Order's notional must be no smaller than 20 (unless you choose reduce only)."}
[03:12:29] Sleep 60s...

[03:13:29] Сигналов: 4 | Открыто: 0/5
[03:13:30]    [Бал: $15.20 | Маржа/поз: $6.67 | Можем открыть: 1]
[03:13:30] LINKUSDT LONG @ $13.02 qty=1.54
[03:13:31]    market err: {"code":-4164,"msg":"Order's notional must be no smaller than 20 (unless you choose reduce only)."}
[03:13:31] Sleep 60s...

[03:13:49] ============================================================
[03:13:49]   BINANCE REAL PLACER — $15 MODE
[03:13:49] ============================================================
[03:13:49] Баланс: $15.20
[03:13:49] Символы: ['XRPUSDT', 'LINKUSDT', 'DOGEUSDT']
[03:13:49] Notional: $25 | Плечо: 3x | Max: 5
[03:13:49] Стоп при -10% ($13.68)
[03:13:49] 
[03:13:49] Сигналов: 4 | Открыто: 0/5
[03:13:50]    [Бал: $15.20 | Маржа/поз: $8.33 | Можем открыть: 1]
[03:13:50]    price=$12.9540 qty=2.0300000000000002 notional~$26.30
[03:13:50] LINKUSDT LONG @ $13.02 qty=2.0300000000000002
[03:13:51]    market err: {"code":-1111,"msg":"Precision is over the maximum defined for this asset."}
[03:13:51] Sleep 60s...

[03:14:51] Сигналов: 4 | Открыто: 0/5
[03:14:51]    [Бал: $15.20 | Маржа/поз: $8.33 | Можем открыть: 1]
[03:14:52]    price=$12.9510 qty=2.0300000000000002 notional~$26.29
[03:14:52] LINKUSDT LONG @ $13.02 qty=2.0300000000000002
[03:14:53]    market err: {"code":-1111,"msg":"Precision is over the maximum defined for this asset."}
[03:14:53] Sleep 60s...

[03:15:24] ============================================================
[03:15:24]   BINANCE REAL PLACER — $15 MODE
[03:15:24] ============================================================
[03:15:24] Баланс: $15.20
[03:15:24] Символы: ['XRPUSDT', 'LINKUSDT', 'DOGEUSDT']
[03:15:24] Notional: $25 | Плечо: 3x | Max: 5
[03:15:24] Стоп при -10% ($13.68)
[03:15:24] 
[03:15:25] Сигналов: 4 | Открыто: 0/5
[03:15:25]    [Бал: $15.20 | Маржа/поз: $8.33 | Можем открыть: 1]
[03:15:25]    price=$12.9580 qty=2.03 notional~$26.30
[03:15:25] LINKUSDT LONG @ $13.02 qty=2.03
[03:15:26]    Market #52135629773
[03:15:27]    stop err: {"code":-4120,"msg":"Order type not supported for this endpoint. Please use the Algo Order API endpoints instead."}
[03:15:28]    tp err: {"code":-4120,"msg":"Order type not supported for this endpoint. Please use the Algo Order API endpoints instead."}
[03:15:28]    Orders placed
[03:15:28] Sleep 60s...

[03:16:28] Сигналов: 4 | Открыто: 1/5
[03:16:28]    [Бал: $15.19 | Маржа/поз: $8.33 | Можем открыть: 1]
[03:16:28] Sleep 60s...

[03:17:28] Сигналов: 4 | Открыто: 1/5
[03:17:29]    [Бал: $15.19 | Маржа/поз: $8.33 | Можем открыть: 1]
[03:17:29] Sleep 60s...

[03:18:29] Сигналов: 4 | Открыто: 1/5
[03:18:29]    [Бал: $15.19 | Маржа/поз: $8.33 | Можем открыть: 1]
[03:18:29] Sleep 60s...

[03:19:29] Сигналов: 4 | Открыто: 1/5
[03:19:30]    [Бал: $15.19 | Маржа/поз: $8.33 | Можем открыть: 1]
[03:19:30] Sleep 60s...

[03:20:30] Сигналов: 4 | Открыто: 1/5
[03:20:30]    [Бал: $15.19 | Маржа/поз: $8.33 | Можем открыть: 1]
[03:20:30] Sleep 60s...

[03:21:30] Сигналов: 4 | Открыто: 1/5
[03:21:31]    [Бал: $15.19 | Маржа/поз: $8.33 | Можем открыть: 1]
[03:21:31] Sleep 60s...

[03:22:41] ============================================================
[03:22:41]   BINANCE REAL PLACER — $15 MODE
[03:22:41] ============================================================
[03:22:41] Баланс: $15.19
[03:22:41] Символы: ['XRPUSDT', 'LINKUSDT', 'DOGEUSDT']
[03:22:41] Notional: $25 | Плечо: 3x | Max: 5
[03:22:41] Стоп при -10% ($13.67)
[03:22:41] 
[03:22:41] Сигналов: 4 | Открыто: 0/5
[03:22:41]    [Бал: $15.19 | Маржа/поз: $8.33 | Можем открыть: 1]
[03:22:42]    price=$12.9730 qty=2.03 notional~$26.34
[03:22:42] LINKUSDT LONG @ $13.02 qty=2.03
[03:22:42]    market err: {"code":-2019,"msg":"Margin is insufficient."}
[03:22:42] Sleep 60s...

[03:23:43] Сигналов: 4 | Открыто: 0/5
[03:23:43]    [Бал: $15.19 | Маржа/поз: $8.33 | Можем открыть: 1]
[03:23:43]    price=$12.9630 qty=2.03 notional~$26.31
[03:23:43] LINKUSDT LONG @ $13.02 qty=2.03
[03:23:44]    market err: {"code":-2019,"msg":"Margin is insufficient."}
[03:23:44] Sleep 60s...

[03:24:51] ============================================================
[03:24:51]   BINANCE REAL PLACER — $15 MODE
[03:24:51] ============================================================
[03:24:51] Баланс: $15.19
[03:24:51] Символы: ['XRPUSDT', 'LINKUSDT', 'DOGEUSDT']
[03:24:51] Notional: $25 | Плечо: 3x | Max: 5
[03:24:51] Стоп при -10% ($13.67)
[03:24:51] 
[03:24:51] Сигналов: 4 | Открыто: 0/5
[03:24:52]    [Бал: $15.19 | Маржа/поз: $8.33 | Можем открыть: 1]
[03:24:52]    [Открыто на Binance: ['LINKUSDT']]
[03:24:52] LINKUSDT: уже открыта на Binance — пропуск
[03:24:52] Sleep 60s...

[03:25:52] Сигналов: 4 | Открыто: 0/5
[03:25:53]    [Бал: $15.19 | Маржа/поз: $8.33 | Можем открыть: 1]
[03:25:53]    [Открыто на Binance: ['LINKUSDT']]
[03:25:53] LINKUSDT: уже открыта на Binance — пропуск
[03:25:53] Sleep 60s...

[03:26:53] Сигналов: 4 | Открыто: 0/5
[03:26:53]    [Бал: $15.19 | Маржа/поз: $8.33 | Можем открыть: 1]
[03:26:54]    [Открыто на Binance: ['LINKUSDT']]
[03:26:54] LINKUSDT: уже открыта на Binance — пропуск
[03:26:54] Sleep 60s...

[03:27:54] Сигналов: 4 | Открыто: 0/5
[03:27:54]    [Бал: $15.19 | Маржа/поз: $8.33 | Можем открыть: 1]
[03:27:54]    [Открыто на Binance: ['LINKUSDT']]
[03:27:54] LINKUSDT: уже открыта на Binance — пропуск
[03:27:54] Sleep 60s...

[03:28:55] Сигналов: 4 | Открыто: 0/5
[03:28:55]    [Бал: $15.19 | Маржа/поз: $8.33 | Можем открыть: 1]
[03:28:55]    [Открыто на Binance: ['LINKUSDT']]
[03:28:55] LINKUSDT: уже открыта на Binance — пропуск
[03:28:55] Sleep 60s...

[03:29:56] Сигналов: 4 | Открыто: 0/5
[03:29:56]    [Бал: $15.19 | Маржа/поз: $8.33 | Можем открыть: 1]
[03:29:56]    [Открыто на Binance: ['LINKUSDT']]
[03:29:56] LINKUSDT: уже открыта на Binance — пропуск
[03:29:56] Sleep 60s...

[03:30:56] Сигналов: 4 | Открыто: 0/5
[03:30:57]    [Бал: $15.19 | Маржа/поз: $8.33 | Можем открыть: 1]
[03:30:57]    [Открыто на Binance: ['LINKUSDT']]
[03:30:57] LINKUSDT: уже открыта на Binance — пропуск
[03:30:57] Sleep 60s...

[03:31:57] Сигналов: 4 | Открыто: 0/5
[03:31:57]    [Бал: $15.19 | Маржа/поз: $8.33 | Можем открыть: 1]
[03:31:58]    [Открыто на Binance: ['LINKUSDT']]
[03:31:58] LINKUSDT: уже открыта на Binance — пропуск
[03:31:58] Sleep 60s...

[03:32:58] Сигналов: 4 | Открыто: 0/5
[03:32:58]    [Бал: $15.19 | Маржа/поз: $8.33 | Можем открыть: 1]
[03:32:58]    [Открыто на Binance: ['LINKUSDT']]
[03:32:58] LINKUSDT: уже открыта на Binance — пропуск
[03:32:58] Sleep 60s...

[03:33:59] Сигналов: 4 | Открыто: 0/5
[03:33:59]    [Бал: $15.19 | Маржа/поз: $8.33 | Можем открыть: 1]
[03:33:59]    [Открыто на Binance: ['LINKUSDT']]
[03:33:59] LINKUSDT: уже открыта на Binance — пропуск
[03:33:59] Sleep 60s...

[03:52:25] ============================================================
[03:52:25]   BINANCE REAL PLACER — $15 MODE
[03:52:25] ============================================================
[03:52:26] Баланс: $35.19
[03:52:26] Символы: ['XRPUSDT', 'LINKUSDT', 'DOGEUSDT']
[03:52:26] Notional: $25 | Плечо: 3x | Max: 5
[03:52:26] Стоп при -10% ($31.67)
[03:52:26] 
[03:52:26] Сигналов: 4 | Открыто: 0/5
[03:52:26]    [Бал: $35.19 | Маржа/поз: $8.33 | Можем открыть: 2]
[03:52:26]    [Открыто на Binance: ['LINKUSDT']]
[03:52:26] LINKUSDT: уже открыта на Binance — пропуск
[03:52:26] Sleep 60s...

[03:53:27] Sleep 60s...

[03:54:27] Sleep 60s...

[03:55:27] Сигналов: 3 | Открыто: 0/5
[03:55:28]    [Бал: $35.19 | Маржа/поз: $8.33 | Можем открыть: 2]
[03:55:28]    [Открыто на Binance: ['LINKUSDT']]
[03:55:28]    price=$1.5686 qty=16.8 notional~$26.35
[03:55:28] XRPUSDT LONG @ $1.5685 qty=16.8
[03:55:29]    Market #160982907956
[03:55:31]    Orders placed
[03:55:31] Sleep 60s...

[03:56:32] Сигналов: 3 | Открыто: 1/5
[03:56:32]    [Бал: $35.17 | Маржа/поз: $8.33 | Можем открыть: 2]
[03:56:32]    [Открыто на Binance: ['XRPUSDT', 'LINKUSDT']]
[03:56:32] Sleep 60s...

[03:57:32] Сигналов: 3 | Открыто: 1/5
[03:57:33]    [Бал: $35.17 | Маржа/поз: $8.33 | Можем открыть: 2]
[03:57:33]    [Открыто на Binance: ['XRPUSDT', 'LINKUSDT']]
[03:57:33] Sleep 60s...

[03:58:50] ============================================================
[03:58:50]   BINANCE REAL PLACER — $15 MODE
[03:58:50] ============================================================
[03:58:51] Баланс: $35.17
[03:58:51] Символы: ['XRPUSDT', 'LINKUSDT', 'DOGEUSDT']
[03:58:51] Notional: $25 | Плечо: 3x | Max: 5
[03:58:51] Стоп при -10% ($31.66)
[03:58:51] 
[03:58:51] Сигналов: 3 | Открыто: 1/5
[03:58:51]    [Бал: $35.17 | Маржа/поз: $8.33 | Можем открыть: 2]
[03:58:52]    [Открыто на Binance: ['XRPUSDT', 'LINKUSDT']]
[03:58:52] Sleep 60s...

[03:59:52] Сигналов: 3 | Открыто: 1/5
[03:59:52]    [Бал: $35.17 | Маржа/поз: $8.33 | Можем открыть: 2]
[03:59:52]    [Открыто на Binance: ['XRPUSDT', 'LINKUSDT']]
[03:59:52] Sleep 60s...

[04:00:52] Сигналов: 3 | Открыто: 1/5
[04:00:53]    [Бал: $35.17 | Маржа/поз: $8.33 | Можем открыть: 2]
[04:00:53]    [Открыто на Binance: ['XRPUSDT', 'LINKUSDT']]
[04:00:53] Sleep 60s...

[04:01:26] ============================================================
[04:01:26]   BINANCE REAL PLACER — $15 MODE
[04:01:26] ============================================================
[04:01:26] Баланс: $35.17
[04:01:26] Символы: ['XRPUSDT', 'LINKUSDT', 'DOGEUSDT']
[04:01:26] Notional: $25 | Плечо: 3x | Max: 5
[04:01:26] Стоп при -10% ($31.66)
[04:01:26] 
[04:01:26]    [SYNC] LINKUSDT найдена на Binance вне placer — добавлена в placed
[04:01:26] Сигналов: 3 | Открыто: 2/5
[04:01:26]    [Бал: $35.17 | Маржа/поз: $8.33 | Можем открыть: 2]
[04:01:27]    [Открыто на Binance: ['XRPUSDT', 'LINKUSDT']]
[04:01:27] Sleep 60s...

[04:02:27] Сигналов: 3 | Открыто: 2/5
[04:02:27]    [Бал: $35.17 | Маржа/поз: $8.33 | Можем открыть: 2]
[04:02:30] ============================================================
[04:02:30]   BINANCE REAL PLACER — $15 MODE
[04:02:30] ============================================================
[04:02:30] Баланс: $35.17
[04:02:30] Символы: ['XRPUSDT', 'LINKUSDT', 'DOGEUSDT', 'ETHUSDT', 'SOLUSDT']
[04:02:30] Notional: $25 | Плечо: 3x | Max: 5
[04:02:30] Стоп при -10% ($31.66)
[04:02:30] 
[04:02:30] Сигналов: 3 | Открыто: 2/5
[04:02:31]    [Бал: $35.17 | Маржа/поз: $8.33 | Можем открыть: 2]
[04:02:31]    [Открыто на Binance: ['XRPUSDT', 'LINKUSDT']]
[04:02:31] ETHUSDT: лимит по балансу
[04:02:31] Sleep 60s...

[04:03:31] Сигналов: 3 | Открыто: 2/5
[04:03:32]    [Бал: $35.17 | Маржа/поз: $8.33 | Можем открыть: 2]
[04:03:32]    [Открыто на Binance: ['XRPUSDT', 'LINKUSDT']]
[04:03:32] ETHUSDT: лимит по балансу
[04:03:32] Sleep 60s...

[04:04:32] Сигналов: 3 | Открыто: 2/5
[04:04:33]    [Бал: $35.17 | Маржа/поз: $8.33 | Можем открыть: 2]
[04:04:33]    [Открыто на Binance: ['XRPUSDT', 'LINKUSDT']]
[04:04:33] ETHUSDT: лимит по балансу
[04:04:33] Sleep 60s...

[04:05:16] ============================================================
[04:05:16]   BINANCE REAL PLACER — $15 MODE
[04:05:16] ============================================================
[04:05:17] Баланс: $35.17
[04:05:17] Символы: ['XRPUSDT', 'LINKUSDT', 'DOGEUSDT', 'ETHUSDT', 'SOLUSDT']
[04:05:17] Notional: $25 | Плечо: 3x | Max: 5
[04:05:17] Стоп при -10% ($31.66)
[04:05:17] 
[04:05:17] Сигналов: 3 | Открыто: 2/5
[04:05:17]    [Бал: $35.17 | Маржа/поз: $8.33 | Можем открыть: 2]
[04:05:17]    [Открыто на Binance: ['XRPUSDT', 'LINKUSDT']]
[04:05:17] ETHUSDT: лимит по балансу
[04:05:17] Sleep 60s...

[04:06:18] Сигналов: 3 | Открыто: 2/5
[04:06:18]    [Бал: $35.17 | Маржа/поз: $8.33 | Можем открыть: 2]
[04:06:19]    [Открыто на Binance: ['XRPUSDT', 'LINKUSDT']]
[04:06:19] ETHUSDT: лимит по балансу
[04:06:19] Sleep 60s...

[04:07:19] Сигналов: 3 | Открыто: 2/5
[04:07:19]    [Бал: $35.17 | Маржа/поз: $8.33 | Можем открыть: 2]
[04:07:19]    [Открыто на Binance: ['XRPUSDT', 'LINKUSDT']]
[04:07:19] ETHUSDT: лимит по балансу
[04:07:19] Sleep 60s...

[04:08:20] Сигналов: 3 | Открыто: 2/5
[04:08:20]    [Бал: $35.17 | Маржа/поз: $8.33 | Можем открыть: 2]
[04:08:20]    [Открыто на Binance: ['XRPUSDT', 'LINKUSDT']]
[04:08:20] ETHUSDT: лимит по балансу
[04:08:20] Sleep 60s...

[04:09:21] Сигналов: 3 | Открыто: 2/5
[04:09:21]    [Бал: $35.17 | Маржа/поз: $8.33 | Можем открыть: 2]
[04:09:22]    [Открыто на Binance: ['XRPUSDT', 'LINKUSDT']]
[04:09:22] ETHUSDT: лимит по балансу
[04:09:22] Sleep 60s...

[04:10:22] Сигналов: 3 | Открыто: 2/5
[04:10:22]    [Бал: $35.17 | Маржа/поз: $8.33 | Можем открыть: 2]
[04:10:23]    [Открыто на Binance: ['XRPUSDT', 'LINKUSDT']]
[04:10:23] ETHUSDT: лимит по балансу
[04:10:23] Sleep 60s...

[04:11:08] ============================================================
[04:11:08]   BINANCE REAL PLACER — $15 MODE
[04:11:08] ============================================================
[04:11:08] Баланс: $35.17
[04:11:08] Символы: ['XRPUSDT', 'LINKUSDT', 'DOGEUSDT', 'ETHUSDT', 'SOLUSDT']
[04:11:08] Notional: $25 | Плечо: 5x | Max: 5
[04:11:08] Стоп при -10% ($31.66)
[04:11:08] 
[04:11:08] Сигналов: 3 | Открыто: 2/5
[04:11:08]    [Бал: $35.17 | Маржа/поз: $5.00 | Можем открыть: 4]
[04:11:09]    [Открыто на Binance: ['XRPUSDT', 'LINKUSDT']]
[04:11:09]    price=$2746.4100 qty=0.01 notional~$27.46
[04:11:09] ETHUSDT LONG @ $2750.38 qty=0.01
[04:11:10]    Market #8389766282857371621
[04:11:11]    Orders placed
Traceback (most recent call last):
  File "/Users/andromeda/crypto-carry/place_order_real.py", line 313, in <module>
    main()
    ~~~~^^
  File "/Users/andromeda/crypto-carry/place_order_real.py", line 294, in main
    with SIGNALS_LOG.open("a") as f:
         ^^^^^^^^^^^
NameError: name 'SIGNALS_LOG' is not defined
  File "/Users/andromeda/crypto-carry/place_order_real.py", line 295
    tg_send(f"⏳ <b>WATCHING</b>
            ^
SyntaxError: unterminated f-string literal (detected at line 295)
  File "/Users/andromeda/crypto-carry/place_order_real.py", line 295
    tg_send(f"⏳ <b>WATCHING</b>
            ^
SyntaxError: unterminated f-string literal (detected at line 295)
[04:16:27] ============================================================
[04:16:27]   BINANCE REAL PLACER — $15 MODE
[04:16:27] ============================================================
[04:16:27] Баланс: $35.16
[04:16:27] Символы: ['XRPUSDT', 'LINKUSDT', 'DOGEUSDT', 'ETHUSDT', 'SOLUSDT']
[04:16:27] Notional: $25 | Плечо: 5x | Max: 5
[04:16:27] Стоп при -10% ($31.64)
[04:16:27] 
[04:16:27] Сигналов: 3 | Открыто: 3/5
[04:16:27]    [Бал: $35.16 | Маржа/поз: $5.00 | Можем открыть: 4]
[04:16:28]    [Открыто на Binance: ['ETHUSDT', 'XRPUSDT', 'LINKUSDT']]
[04:16:28]    price=$117.6800 qty=0.23 notional~$27.07
[04:16:28] SOLUSDT LONG @ $117.85 qty=0.23
[04:16:29]    Market #243667280184
[04:16:30]    Orders placed
[04:16:30] Sleep 60s...

[04:17:31] Сигналов: 3 | Открыто: 4/5
[04:17:31]    [Бал: $35.15 | Маржа/поз: $5.00 | Можем открыть: 4]
[04:17:31]    [Открыто на Binance: ['ETHUSDT', 'XRPUSDT', 'LINKUSDT', 'SOLUSDT']]
[04:17:31] Sleep 60s...

[04:18:31] Сигналов: 3 | Открыто: 4/5
[04:18:32]    [Бал: $35.15 | Маржа/поз: $5.00 | Можем открыть: 4]
[04:18:32]    [Открыто на Binance: ['ETHUSDT', 'XRPUSDT', 'LINKUSDT', 'SOLUSDT']]
[04:18:32] Sleep 60s...

[04:19:32] Сигналов: 3 | Открыто: 4/5
[04:19:32]    [Бал: $35.15 | Маржа/поз: $5.00 | Можем открыть: 4]
[04:19:33]    [Открыто на Binance: ['ETHUSDT', 'XRPUSDT', 'LINKUSDT', 'SOLUSDT']]
[04:19:33] Sleep 60s...

[04:20:33] Сигналов: 3 | Открыто: 4/5
[04:20:33]    [Бал: $35.15 | Маржа/поз: $5.00 | Можем открыть: 4]
[04:20:33]    [Открыто на Binance: ['ETHUSDT', 'XRPUSDT', 'LINKUSDT', 'SOLUSDT']]
[04:20:33] Sleep 60s...

[04:20:48] ============================================================
[04:20:48]   BINANCE REAL PLACER — $15 MODE
[04:20:48] ============================================================
[04:20:48] Баланс: $35.15
[04:20:48] Символы: ['XRPUSDT', 'LINKUSDT', 'DOGEUSDT', 'ETHUSDT', 'SOLUSDT']
[04:20:48] Notional: $25 | Плечо: 5x | Max: 5
[04:20:48] Стоп при -10% ($31.63)
[04:20:48] 
[04:20:49] Сигналов: 3 | Открыто: 4/5
[04:20:49]    [Бал: $35.15 | Маржа/поз: $5.00 | Можем открыть: 4]
[04:20:50]    [Открыто на Binance: ['ETHUSDT', 'XRPUSDT', 'LINKUSDT', 'SOLUSDT']]
[04:20:50] Sleep 60s...

[04:21:50] Сигналов: 3 | Открыто: 4/5
[04:21:50]    [Бал: $35.15 | Маржа/поз: $5.00 | Можем открыть: 4]
[04:21:50]    [Открыто на Binance: ['ETHUSDT', 'XRPUSDT', 'LINKUSDT', 'SOLUSDT']]
[04:21:50] Sleep 60s...

[04:22:51] Сигналов: 3 | Открыто: 4/5
[04:22:51]    [Бал: $35.15 | Маржа/поз: $5.00 | Можем открыть: 4]
[04:22:51]    [Открыто на Binance: ['ETHUSDT', 'XRPUSDT', 'LINKUSDT', 'SOLUSDT']]
[04:22:51] Sleep 60s...

[04:23:51] Сигналов: 3 | Открыто: 4/5
[04:23:52]    [Бал: $35.16 | Маржа/поз: $5.00 | Можем открыть: 4]
[04:23:52]    [Открыто на Binance: ['ETHUSDT', 'LINKUSDT', 'SOLUSDT']]
[04:23:52] Sleep 60s...

[04:24:52] Сигналов: 3 | Открыто: 4/5
[04:24:53]    [Бал: $35.16 | Маржа/поз: $5.00 | Можем открыть: 4]
[04:24:53]    [Открыто на Binance: ['ETHUSDT', 'LINKUSDT', 'SOLUSDT']]
[04:24:53] Sleep 60s...

[04:25:14] ============================================================
[04:25:14]   BINANCE REAL PLACER — $15 MODE
[04:25:14] ============================================================
[04:25:14] Баланс: $35.16
[04:25:14] Символы: ['XRPUSDT', 'LINKUSDT', 'DOGEUSDT', 'ETHUSDT', 'SOLUSDT']
[04:25:14] Notional: $25 | Плечо: 5x | Max: 5
[04:25:14] Стоп при -10% ($31.65)
[04:25:14] 
[04:25:14] Сигналов: 3 | Открыто: 4/5
[04:25:15]    [Бал: $35.16 | Маржа/поз: $5.00 | Можем открыть: 4]
[04:25:15]    [Открыто на Binance: ['ETHUSDT', 'LINKUSDT', 'SOLUSDT']]
[04:25:15] Sleep 60s...

