[03:17:47] ============================================================
[03:17:47] ============================================================
[03:17:47]   TRAILING STOP UPDATER — STARTED
[03:17:47]   TRAILING STOP UPDATER — STARTED
[03:17:47] ============================================================
[03:17:47] ============================================================
[03:17:48] Открытых позиций: 1
[03:17:48] Открытых позиций: 1
[03:17:48]   LINKUSDT: +-0.57% (нужно +1.0%) — ждём
[03:17:48]   LINKUSDT: +-0.57% (нужно +1.0%) — ждём
[03:17:48] Sleep 60s...

[03:17:48] Sleep 60s...

[03:18:48] Открытых позиций: 1
[03:18:48] Открытых позиций: 1
[03:18:48]   LINKUSDT: +-0.59% (нужно +1.0%) — ждём
[03:18:48]   LINKUSDT: +-0.59% (нужно +1.0%) — ждём
[03:18:48] Sleep 60s...

[03:18:48] Sleep 60s...

[03:19:48] Открытых позиций: 1
[03:19:48] Открытых позиций: 1
[03:19:49]   LINKUSDT: +-0.49% (нужно +1.0%) — ждём
[03:19:49]   LINKUSDT: +-0.49% (нужно +1.0%) — ждём
[03:19:49] Sleep 60s...

[03:19:49] Sleep 60s...

[03:20:49] Открытых позиций: 1
[03:20:49] Открытых позиций: 1
[03:20:49]   LINKUSDT: +-0.48% (нужно +1.0%) — ждём
[03:20:49]   LINKUSDT: +-0.48% (нужно +1.0%) — ждём
[03:20:49] Sleep 60s...

[03:20:49] Sleep 60s...

[03:21:49] Открытых позиций: 1
[03:21:49] Открытых позиций: 1
[03:21:50]   LINKUSDT: +-0.50% (нужно +1.0%) — ждём
[03:21:50]   LINKUSDT: +-0.50% (нужно +1.0%) — ждём
[03:21:50] Sleep 60s...

[03:21:50] Sleep 60s...

[03:22:42] ============================================================
[03:22:42] ============================================================
[03:22:42]   TRAILING STOP UPDATER — STARTED
[03:22:42]   TRAILING STOP UPDATER — STARTED
[03:22:42] ============================================================
[03:22:42] ============================================================
[03:22:42] Нет real_placed.json — ждём
[03:22:42] Нет real_placed.json — ждём
[03:23:42] Нет real_placed.json — ждём
[03:23:42] Нет real_placed.json — ждём
